[debug] [2026-05-17T14:03:09.192Z] [Firebase Plugin] Activating Firebase extension.
[debug] [2026-05-17T14:03:11.770Z] [Firebase Plugin] requireAuthWrapper
[debug] [2026-05-17T14:03:11.771Z] > command requires scopes: ["email","openid","https://www.googleapis.com/auth/cloudplatformprojects.readonly","https://www.googleapis.com/auth/firebase","https://www.googleapis.com/auth/cloud-platform"]
[debug] [2026-05-17T14:03:11.771Z] > authorizing via signed-in user (vendbees@gmail.com)
[debug] [2026-05-17T14:03:11.774Z] Checked if tokens are valid: true, expires at: 1779028410632
[debug] [2026-05-17T14:03:11.774Z] Checked if tokens are valid: true, expires at: 1779028410632
[debug] [2026-05-17T14:03:11.774Z] [Firebase Plugin] User found:  vendbees@gmail.com
[info] [Firebase Plugin] (Core:Project) New user detected, fetching projects
[debug] [2026-05-17T14:03:11.776Z] Checked if tokens are valid: true, expires at: 1779028410632
[debug] [2026-05-17T14:03:11.776Z] >>> [apiv2][query] GET https://firebase.googleapis.com/v1beta1/projects pageSize=1000
[debug] [2026-05-17T14:03:11.784Z] [Firebase Plugin] VSCode notification server listening on port 40001
[info] [Firebase Plugin] Starting SQL Connect toolkit (version 3.4.5) on port 50001
[debug] [2026-05-17T14:03:12.153Z] W0517 19:33:12.147541    9888 build.go:56] Failed to construct deployment metadata: rpc error: code = NotFound desc = no schema found for service "vendbees-60d7b-service". No service has a schema.
 {"metadata":{"emulator":{"name":"dataconnect"},"message":"W0517 19:33:12.147541    9888 build.go:56] Failed to construct deployment metadata: rpc error: code = NotFound desc = no schema found for service \"vendbees-60d7b-service\". No service has a schema.\n"}}
[debug] [2026-05-17T14:03:12.154Z] Ignoring unsupported arg: auto_download {"metadata":{"emulator":{"name":"dataconnect"},"message":"Ignoring unsupported arg: auto_download"}}
[debug] [2026-05-17T14:03:12.154Z] Ignoring unsupported arg: port {"metadata":{"emulator":{"name":"dataconnect"},"message":"Ignoring unsupported arg: port"}}
[debug] [2026-05-17T14:03:12.154Z] Starting SQL Connect Emulator with command {"binary":"C:\\Users\\DURAI\\.cache\\firebase\\emulators\\dataconnect-emulator-3.4.5.exe","args":["--logtostderr","-v=2","dev","--listen=localhost:50001","--config_dir=d:\\VendBees\\Tracker\\dataconnect","--enable_output_schema_extensions=true","--enable_output_generated_sdk=true"],"optionalArgs":["listen","config_dir","enable_output_schema_extensions","enable_output_generated_sdk"],"joinArgs":true,"shell":false,"port":9399} {"metadata":{"emulator":{"name":"dataconnect"},"message":"Starting SQL Connect Emulator with command {\"binary\":\"C:\\\\Users\\\\DURAI\\\\.cache\\\\firebase\\\\emulators\\\\dataconnect-emulator-3.4.5.exe\",\"args\":[\"--logtostderr\",\"-v=2\",\"dev\",\"--listen=localhost:50001\",\"--config_dir=d:\\\\VendBees\\\\Tracker\\\\dataconnect\",\"--enable_output_schema_extensions=true\",\"--enable_output_generated_sdk=true\"],\"optionalArgs\":[\"listen\",\"config_dir\",\"enable_output_schema_extensions\",\"enable_output_generated_sdk\"],\"joinArgs\":true,\"shell\":false,\"port\":9399}"}}
[info] i  dataconnect: SQL Connect Emulator logging to dataconnect-debug.log {"metadata":{"emulator":{"name":"dataconnect"},"message":"SQL Connect Emulator logging to \u001b[1mdataconnect-debug.log\u001b[22m"}}
[debug] [2026-05-17T14:03:12.226Z] I0517 19:33:12.191185   19260 load.go:31] Reloading schema and connectors...
E0517 19:33:12.195311   19260 load.go:63] Could not generate extensions: rpc error: code = NotFound desc = no schema found for service "vendbees-60d7b-service". No service has a schema.
E0517 19:33:12.195311   19260 load.go:73] Could not load sources: 
Errors: schema\schema.gql:330:4: On QrCodeHistory.user @ref(fields): Nullable reference must have at least one nullable foreign key, but QrCodeHistory.userId is required
I0517 19:33:12.198234   19260 collector.go:107] schema extensions wrote into "d:\\VendBees\\Tracker\\dataconnect\\.dataconnect\\schema"
Generated sources: prelude.gql [82799B] 
I0517 19:33:12.198234   19260 load.go:74] Finished reloading
I0517 19:33:12.213672   19260 dev.go:104] Listening on address (HTTP + gRPC): 127.0.0.1:50001
 {"metadata":{"emulator":{"name":"dataconnect"},"message":"I0517 19:33:12.191185   19260 load.go:31] Reloading schema and connectors...\nE0517 19:33:12.195311   19260 load.go:63] Could not generate extensions: rpc error: code = NotFound desc = no schema found for service \"vendbees-60d7b-service\". No service has a schema.\nE0517 19:33:12.195311   19260 load.go:73] Could not load sources: \nErrors: schema\\schema.gql:330:4: On QrCodeHistory.user @ref(fields): Nullable reference must have at least one nullable foreign key, but QrCodeHistory.userId is required\nI0517 19:33:12.198234   19260 collector.go:107] schema extensions wrote into \"d:\\\\VendBees\\\\Tracker\\\\dataconnect\\\\.dataconnect\\\\schema\"\nGenerated sources: prelude.gql [82799B] \nI0517 19:33:12.198234   19260 load.go:74] Finished reloading\nI0517 19:33:12.213672   19260 dev.go:104] Listening on address (HTTP + gRPC): 127.0.0.1:50001\n"}}
[error] [Firebase Plugin] error:  {}
[debug] [2026-05-17T14:03:13.024Z] <<< [apiv2][status] GET https://firebase.googleapis.com/v1beta1/projects 200
[debug] [2026-05-17T14:03:13.024Z] <<< [apiv2][body] GET https://firebase.googleapis.com/v1beta1/projects [omitted]
[info] [Firebase Plugin] Stopping SQL Connect toolkit
[warn] !  SQL Connect Emulator has exited upon receiving signal: SIGINT 
[debug] [2026-05-18T06:31:58.745Z] [Firebase Plugin] Activating Firebase extension.
[debug] [2026-05-18T06:32:13.643Z] [Firebase Plugin] requireAuthWrapper
[debug] [2026-05-18T06:32:13.644Z] > command requires scopes: ["email","openid","https://www.googleapis.com/auth/cloudplatformprojects.readonly","https://www.googleapis.com/auth/firebase","https://www.googleapis.com/auth/cloud-platform"]
[debug] [2026-05-18T06:32:13.645Z] > authorizing via signed-in user (vendbees@gmail.com)
[debug] [2026-05-18T06:32:13.647Z] Checked if tokens are valid: false, expires at: 1779028410632
[debug] [2026-05-18T06:32:13.647Z] Checked if tokens are valid: false, expires at: 1779028410632
[debug] [2026-05-18T06:32:13.647Z] > refreshing access token with scopes: []
[debug] [2026-05-18T06:32:13.648Z] >>> [apiv2][query] POST https://www.googleapis.com/oauth2/v3/token [none]
[debug] [2026-05-18T06:32:13.648Z] >>> [apiv2][body] POST https://www.googleapis.com/oauth2/v3/token [omitted]
[debug] [2026-05-18T06:32:13.656Z] [Firebase Plugin] VSCode notification server listening on port 40001
[info] [Firebase Plugin] Starting SQL Connect toolkit (version 3.4.5) on port 50001
[debug] [2026-05-18T06:32:16.152Z] W0518 12:02:16.149643   23952 build.go:56] Failed to construct deployment metadata: rpc error: code = NotFound desc = no schema found for service "vendbees-60d7b-service". No service has a schema.
 {"metadata":{"emulator":{"name":"dataconnect"},"message":"W0518 12:02:16.149643   23952 build.go:56] Failed to construct deployment metadata: rpc error: code = NotFound desc = no schema found for service \"vendbees-60d7b-service\". No service has a schema.\n"}}
[debug] [2026-05-18T06:32:16.153Z] Ignoring unsupported arg: auto_download {"metadata":{"emulator":{"name":"dataconnect"},"message":"Ignoring unsupported arg: auto_download"}}
[debug] [2026-05-18T06:32:16.153Z] Ignoring unsupported arg: port {"metadata":{"emulator":{"name":"dataconnect"},"message":"Ignoring unsupported arg: port"}}
[debug] [2026-05-18T06:32:16.153Z] Starting SQL Connect Emulator with command {"binary":"C:\\Users\\DURAI\\.cache\\firebase\\emulators\\dataconnect-emulator-3.4.5.exe","args":["--logtostderr","-v=2","dev","--listen=localhost:50001","--config_dir=d:\\VendBees\\Tracker\\dataconnect","--enable_output_schema_extensions=true","--enable_output_generated_sdk=true"],"optionalArgs":["listen","config_dir","enable_output_schema_extensions","enable_output_generated_sdk"],"joinArgs":true,"shell":false,"port":9399} {"metadata":{"emulator":{"name":"dataconnect"},"message":"Starting SQL Connect Emulator with command {\"binary\":\"C:\\\\Users\\\\DURAI\\\\.cache\\\\firebase\\\\emulators\\\\dataconnect-emulator-3.4.5.exe\",\"args\":[\"--logtostderr\",\"-v=2\",\"dev\",\"--listen=localhost:50001\",\"--config_dir=d:\\\\VendBees\\\\Tracker\\\\dataconnect\",\"--enable_output_schema_extensions=true\",\"--enable_output_generated_sdk=true\"],\"optionalArgs\":[\"listen\",\"config_dir\",\"enable_output_schema_extensions\",\"enable_output_generated_sdk\"],\"joinArgs\":true,\"shell\":false,\"port\":9399}"}}
[info] i  dataconnect: SQL Connect Emulator logging to dataconnect-debug.log {"metadata":{"emulator":{"name":"dataconnect"},"message":"SQL Connect Emulator logging to \u001b[1mdataconnect-debug.log\u001b[22m"}}
[debug] [2026-05-18T06:32:16.432Z] I0518 12:02:16.178915    9276 load.go:31] Reloading schema and connectors...
E0518 12:02:16.182866    9276 load.go:63] Could not generate extensions: rpc error: code = NotFound desc = no schema found for service "vendbees-60d7b-service". No service has a schema.
E0518 12:02:16.182866    9276 load.go:73] Could not load sources: 
Errors: schema\schema.gql:330:4: On QrCodeHistory.user @ref(fields): Nullable reference must have at least one nullable foreign key, but QrCodeHistory.userId is required
I0518 12:02:16.183389    9276 collector.go:107] schema extensions wrote into "d:\\VendBees\\Tracker\\dataconnect\\.dataconnect\\schema"
Generated sources: prelude.gql [82799B] 
I0518 12:02:16.183389    9276 load.go:74] Finished reloading
I0518 12:02:16.193596    9276 dev.go:104] Listening on address (HTTP + gRPC): 127.0.0.1:50001
 {"metadata":{"emulator":{"name":"dataconnect"},"message":"I0518 12:02:16.178915    9276 load.go:31] Reloading schema and connectors...\nE0518 12:02:16.182866    9276 load.go:63] Could not generate extensions: rpc error: code = NotFound desc = no schema found for service \"vendbees-60d7b-service\". No service has a schema.\nE0518 12:02:16.182866    9276 load.go:73] Could not load sources: \nErrors: schema\\schema.gql:330:4: On QrCodeHistory.user @ref(fields): Nullable reference must have at least one nullable foreign key, but QrCodeHistory.userId is required\nI0518 12:02:16.183389    9276 collector.go:107] schema extensions wrote into \"d:\\\\VendBees\\\\Tracker\\\\dataconnect\\\\.dataconnect\\\\schema\"\nGenerated sources: prelude.gql [82799B] \nI0518 12:02:16.183389    9276 load.go:74] Finished reloading\nI0518 12:02:16.193596    9276 dev.go:104] Listening on address (HTTP + gRPC): 127.0.0.1:50001\n"}}
[debug] [2026-05-18T06:32:16.993Z] <<< [apiv2][status] POST https://www.googleapis.com/oauth2/v3/token 200
[debug] [2026-05-18T06:32:16.993Z] <<< [apiv2][body] POST https://www.googleapis.com/oauth2/v3/token [omitted]
[debug] [2026-05-18T06:32:17.010Z] [Firebase Plugin] User found:  vendbees@gmail.com
[info] [Firebase Plugin] (Core:Project) New user detected, fetching projects
[debug] [2026-05-18T06:32:17.011Z] Checked if tokens are valid: true, expires at: 1779089535993
[debug] [2026-05-18T06:32:17.011Z] >>> [apiv2][query] GET https://firebase.googleapis.com/v1beta1/projects pageSize=1000
[error] [Firebase Plugin] error:  {}
[debug] [2026-05-18T06:32:18.241Z] <<< [apiv2][status] GET https://firebase.googleapis.com/v1beta1/projects 200
[debug] [2026-05-18T06:32:18.241Z] <<< [apiv2][body] GET https://firebase.googleapis.com/v1beta1/projects [omitted]
[info] [Firebase Plugin] Stopping SQL Connect toolkit
[warn] !  SQL Connect Emulator has exited upon receiving signal: SIGINT 
[debug] [2026-05-18T13:57:06.183Z] [Firebase Plugin] Activating Firebase extension.
[debug] [2026-05-18T13:57:32.193Z] [Firebase Plugin] requireAuthWrapper
[debug] [2026-05-18T13:57:32.194Z] > command requires scopes: ["email","openid","https://www.googleapis.com/auth/cloudplatformprojects.readonly","https://www.googleapis.com/auth/firebase","https://www.googleapis.com/auth/cloud-platform"]
[debug] [2026-05-18T13:57:32.195Z] > authorizing via signed-in user (vendbees@gmail.com)
[debug] [2026-05-18T13:57:32.197Z] Checked if tokens are valid: false, expires at: 1779089535993
[debug] [2026-05-18T13:57:32.197Z] Checked if tokens are valid: false, expires at: 1779089535993
[debug] [2026-05-18T13:57:32.197Z] > refreshing access token with scopes: []
[debug] [2026-05-18T13:57:32.198Z] >>> [apiv2][query] POST https://www.googleapis.com/oauth2/v3/token [none]
[debug] [2026-05-18T13:57:32.199Z] >>> [apiv2][body] POST https://www.googleapis.com/oauth2/v3/token [omitted]
[debug] [2026-05-18T13:57:32.207Z] [Firebase Plugin] VSCode notification server listening on port 40001
[info] [Firebase Plugin] Starting SQL Connect toolkit (version 3.4.5) on port 50001
[debug] [2026-05-18T13:57:35.275Z] W0518 19:27:35.271164   17204 build.go:56] Failed to construct deployment metadata: rpc error: code = NotFound desc = no schema found for service "vendbees-60d7b-service". No service has a schema.
 {"metadata":{"emulator":{"name":"dataconnect"},"message":"W0518 19:27:35.271164   17204 build.go:56] Failed to construct deployment metadata: rpc error: code = NotFound desc = no schema found for service \"vendbees-60d7b-service\". No service has a schema.\n"}}
[debug] [2026-05-18T13:57:35.276Z] Ignoring unsupported arg: auto_download {"metadata":{"emulator":{"name":"dataconnect"},"message":"Ignoring unsupported arg: auto_download"}}
[debug] [2026-05-18T13:57:35.276Z] Ignoring unsupported arg: port {"metadata":{"emulator":{"name":"dataconnect"},"message":"Ignoring unsupported arg: port"}}
[debug] [2026-05-18T13:57:35.276Z] Starting SQL Connect Emulator with command {"binary":"C:\\Users\\DURAI\\.cache\\firebase\\emulators\\dataconnect-emulator-3.4.5.exe","args":["--logtostderr","-v=2","dev","--listen=localhost:50001","--config_dir=d:\\VendBees\\Tracker\\dataconnect","--enable_output_schema_extensions=true","--enable_output_generated_sdk=true"],"optionalArgs":["listen","config_dir","enable_output_schema_extensions","enable_output_generated_sdk"],"joinArgs":true,"shell":false,"port":9399} {"metadata":{"emulator":{"name":"dataconnect"},"message":"Starting SQL Connect Emulator with command {\"binary\":\"C:\\\\Users\\\\DURAI\\\\.cache\\\\firebase\\\\emulators\\\\dataconnect-emulator-3.4.5.exe\",\"args\":[\"--logtostderr\",\"-v=2\",\"dev\",\"--listen=localhost:50001\",\"--config_dir=d:\\\\VendBees\\\\Tracker\\\\dataconnect\",\"--enable_output_schema_extensions=true\",\"--enable_output_generated_sdk=true\"],\"optionalArgs\":[\"listen\",\"config_dir\",\"enable_output_schema_extensions\",\"enable_output_generated_sdk\"],\"joinArgs\":true,\"shell\":false,\"port\":9399}"}}
[info] i  dataconnect: SQL Connect Emulator logging to dataconnect-debug.log {"metadata":{"emulator":{"name":"dataconnect"},"message":"SQL Connect Emulator logging to \u001b[1mdataconnect-debug.log\u001b[22m"}}
[debug] [2026-05-18T13:57:35.378Z] I0518 19:27:35.319364    6868 load.go:31] Reloading schema and connectors...
E0518 19:27:35.324626    6868 load.go:63] Could not generate extensions: rpc error: code = NotFound desc = no schema found for service "vendbees-60d7b-service". No service has a schema.
E0518 19:27:35.324626    6868 load.go:73] Could not load sources: 
Errors: schema\schema.gql:330:4: On QrCodeHistory.user @ref(fields): Nullable reference must have at least one nullable foreign key, but QrCodeHistory.userId is required
I0518 19:27:35.325711    6868 collector.go:107] schema extensions wrote into "d:\\VendBees\\Tracker\\dataconnect\\.dataconnect\\schema"
Generated sources: prelude.gql [82799B] 
I0518 19:27:35.325711    6868 load.go:74] Finished reloading
I0518 19:27:35.341118    6868 dev.go:104] Listening on address (HTTP + gRPC): 127.0.0.1:50001
 {"metadata":{"emulator":{"name":"dataconnect"},"message":"I0518 19:27:35.319364    6868 load.go:31] Reloading schema and connectors...\nE0518 19:27:35.324626    6868 load.go:63] Could not generate extensions: rpc error: code = NotFound desc = no schema found for service \"vendbees-60d7b-service\". No service has a schema.\nE0518 19:27:35.324626    6868 load.go:73] Could not load sources: \nErrors: schema\\schema.gql:330:4: On QrCodeHistory.user @ref(fields): Nullable reference must have at least one nullable foreign key, but QrCodeHistory.userId is required\nI0518 19:27:35.325711    6868 collector.go:107] schema extensions wrote into \"d:\\\\VendBees\\\\Tracker\\\\dataconnect\\\\.dataconnect\\\\schema\"\nGenerated sources: prelude.gql [82799B] \nI0518 19:27:35.325711    6868 load.go:74] Finished reloading\nI0518 19:27:35.341118    6868 dev.go:104] Listening on address (HTTP + gRPC): 127.0.0.1:50001\n"}}
[debug] [2026-05-18T13:57:35.646Z] <<< [apiv2][status] POST https://www.googleapis.com/oauth2/v3/token 200
[debug] [2026-05-18T13:57:35.647Z] <<< [apiv2][body] POST https://www.googleapis.com/oauth2/v3/token [omitted]
[debug] [2026-05-18T13:57:35.683Z] [Firebase Plugin] User found:  vendbees@gmail.com
[info] [Firebase Plugin] (Core:Project) New user detected, fetching projects
[debug] [2026-05-18T13:57:35.685Z] Checked if tokens are valid: true, expires at: 1779116254647
[debug] [2026-05-18T13:57:35.686Z] >>> [apiv2][query] GET https://firebase.googleapis.com/v1beta1/projects pageSize=1000
[error] [Firebase Plugin] error:  {}
[debug] [2026-05-18T13:57:36.644Z] <<< [apiv2][status] GET https://firebase.googleapis.com/v1beta1/projects 200
[debug] [2026-05-18T13:57:36.644Z] <<< [apiv2][body] GET https://firebase.googleapis.com/v1beta1/projects [omitted]
